[
  {
    "no": 1,
    "productId": "FG0A-CLEAR-OPPOA3",
    "materialId": "FG0A-CLEAR",
    "modelId": "OPPOA3",
    "qty": 1,
    "unitPrice": 40.00,
    "totalPrice": 40.00
  },
  {
    "no": 2,
    "productId": "FG0A-CLEAR-OPPOA3-B",
    "materialId": "FG0A-CLEAR",
    "modelId": "OPPOA3-B",
    "qty": 1,
    "unitPrice": 40.00,
    "totalPrice": 40.00
  },
  {
    "no": 3,
    "productId": "WIPING-CLOTH",
    "qty": 2,
    "unitPrice": 0.00,
    "totalPrice": 0.00
  },
  {
    "no": 4,
    "productId": "CLEAR-CLEANNER",
    "qty": 2,
    "unitPrice": 0.00,
    "totalPrice": 0.00
  }
]