[
  {
    "no": 1,
    "productId": "FG0A-CLEAR-OPPOA3",
    "materialId": "FG0A-CLEAR",
    "modelId": "OPPOA3",
    "qty": 2,
    "unitPrice": 40.00,
    "totalPrice": 80.00
  },
  {
    "no": 2,
    "productId": "FG0A-MATTE-OPPOA3",
    "materialId": "FG0A-MATTE",
    "modelId": "OPPOA3",
    "qty": 1,
    "unitPrice": 40.00,
    "totalPrice": 40.00
  },
  {
    "no": 3,
    "productId": "WIPING-CLOTH",
    "qty": 3,
    "unitPrice": 0.00,
    "totalPrice": 0.00
  },
  {
    "no": 4,
    "productId": "CLEAR-CLEANNER",
    "qty": 2,
    "unitPrice": 0.00,
    "totalPrice": 0.00
  },
  {
    "no": 5,
    "productId": "MATTE-CLEANNER",
    "qty": 1,
    "unitPrice": 0.00,
    "totalPrice": 0.00
  }
]